<?php return array (
  0 => 'Symfony\\Bundle\\FrameworkBundle\\Controller\\AbstractController',
  1 => 'App\\Controller\\ArbreController',
  2 => 'App\\Controller\\CelluleController',
  3 => 'App\\Controller\\ClasseController',
  4 => 'App\\Controller\\DashboardController',
  5 => 'App\\Controller\\EcoleController',
  6 => 'App\\Controller\\EleveController',
  7 => 'App\\Controller\\HomeController',
  8 => 'App\\Controller\\MaisonController',
  9 => 'App\\Controller\\MaladieController',
  10 => 'App\\Controller\\NiveauEtudeController',
  11 => 'App\\Controller\\PersonneController',
  12 => 'App\\Controller\\PointFocal\\AccueilController',
  13 => 'App\\Controller\\QuartierController',
  14 => 'App\\Controller\\SecteurController',
  15 => 'App\\Controller\\SecurityController',
  16 => 'App\\Controller\\StatistiqueController',
  17 => 'App\\Controller\\TypeArbreController',
  18 => 'App\\Controller\\TypeMaladieController',
  19 => 'App\\Controller\\UserController',
  20 => 'App\\Entity\\Arbre',
  21 => 'App\\Entity\\Cellule',
  22 => 'App\\Entity\\Classe',
  23 => 'App\\Entity\\Ecole',
  24 => 'App\\Entity\\Eleve',
  25 => 'App\\Entity\\Maison',
  26 => 'App\\Entity\\Maladie',
  27 => 'App\\Entity\\NiveauEtude',
  28 => 'App\\Entity\\Personne',
  29 => 'App\\Entity\\Quartier',
  30 => 'App\\Entity\\Secteur',
  31 => 'App\\Entity\\TypeArbre',
  32 => 'App\\Entity\\TypeMaladie',
  33 => 'App\\Entity\\User',
  34 => 'Doctrine\\Bundle\\DoctrineBundle\\Controller\\ProfilerController',
  35 => 'Doctrine\\ORM\\Cache\\Persister\\Entity\\AbstractEntityPersister',
  36 => 'Doctrine\\ORM\\Cache\\Persister\\Entity\\CachedEntityPersister',
  37 => 'Doctrine\\ORM\\Cache\\Persister\\Entity\\NonStrictReadWriteCachedEntityPersister',
  38 => 'Doctrine\\ORM\\Cache\\Persister\\Entity\\ReadOnlyCachedEntityPersister',
  39 => 'Doctrine\\ORM\\Cache\\Persister\\Entity\\ReadWriteCachedEntityPersister',
  40 => 'Doctrine\\ORM\\Persisters\\Entity\\AbstractEntityInheritancePersister',
  41 => 'Doctrine\\ORM\\Persisters\\Entity\\BasicEntityPersister',
  42 => 'Doctrine\\ORM\\Persisters\\Entity\\CachedPersisterContext',
  43 => 'Doctrine\\ORM\\Persisters\\Entity\\EntityPersister',
  44 => 'Doctrine\\ORM\\Persisters\\Entity\\JoinedSubclassPersister',
  45 => 'Doctrine\\ORM\\Persisters\\Entity\\SingleTablePersister',
  46 => 'Endroid\\QrCodeBundle\\Controller\\GenerateController',
  47 => 'FM\\ElfinderBundle\\Controller\\ElFinderController',
  49 => 'Symfony\\Bundle\\FrameworkBundle\\Controller\\ControllerResolver',
  50 => 'Symfony\\Bundle\\FrameworkBundle\\Controller\\RedirectController',
  51 => 'Symfony\\Bundle\\FrameworkBundle\\Controller\\TemplateController',
  52 => 'Symfony\\Bundle\\WebProfilerBundle\\Controller\\ExceptionPanelController',
  53 => 'Symfony\\Bundle\\WebProfilerBundle\\Controller\\ProfilerController',
  54 => 'Symfony\\Bundle\\WebProfilerBundle\\Controller\\RouterController',
  55 => 'Symfony\\Component\\HttpKernel\\Controller\\ArgumentResolver',
  56 => 'Symfony\\Component\\HttpKernel\\Controller\\ArgumentResolverInterface',
  57 => 'Symfony\\Component\\HttpKernel\\Controller\\ArgumentResolver\\DefaultValueResolver',
  58 => 'Symfony\\Component\\HttpKernel\\Controller\\ArgumentResolver\\NotTaggedControllerValueResolver',
  59 => 'Symfony\\Component\\HttpKernel\\Controller\\ArgumentResolver\\RequestAttributeValueResolver',
  60 => 'Symfony\\Component\\HttpKernel\\Controller\\ArgumentResolver\\RequestValueResolver',
  61 => 'Symfony\\Component\\HttpKernel\\Controller\\ArgumentResolver\\ServiceValueResolver',
  62 => 'Symfony\\Component\\HttpKernel\\Controller\\ArgumentResolver\\SessionValueResolver',
  63 => 'Symfony\\Component\\HttpKernel\\Controller\\ArgumentResolver\\TraceableValueResolver',
  64 => 'Symfony\\Component\\HttpKernel\\Controller\\ArgumentResolver\\VariadicValueResolver',
  65 => 'Symfony\\Component\\HttpKernel\\Controller\\ArgumentValueResolverInterface',
  66 => 'Symfony\\Component\\HttpKernel\\Controller\\ContainerControllerResolver',
  67 => 'Symfony\\Component\\HttpKernel\\Controller\\ControllerReference',
  68 => 'Symfony\\Component\\HttpKernel\\Controller\\ControllerResolver',
  69 => 'Symfony\\Component\\HttpKernel\\Controller\\ControllerResolverInterface',
  70 => 'Symfony\\Component\\HttpKernel\\Controller\\ErrorController',
  71 => 'Symfony\\Component\\HttpKernel\\Controller\\TraceableArgumentResolver',
  72 => 'Symfony\\Component\\HttpKernel\\Controller\\TraceableControllerResolver',
  73 => 'Symfony\\Component\\Security\\Http\\Controller\\UserValueResolver',
);